// Jest Snapshot v1, https://goo.gl/fbAQLP

exports[`renders ./components/swipe-action/demo/basic.md correctly 1`] = `
<div
  class="am-list"
>
  <div
    class="am-list-body"
  >
    <div
      class="am-swipe"
    >
      <div
        class="am-swipe"
      >
        <div
          class="am-swipe-cover"
        />
        <div
          class="am-swipe-actions am-swipe-actions-left"
        >
          <div
            class="am-swipe-btn"
            style="background-color:#108ee9;color:white;"
          >
            <div
              class="am-swipe-text"
            >
              回复
            </div>
          </div>
          <div
            class="am-swipe-btn"
            style="background-color:#ddd;color:white;"
          >
            <div
              class="am-swipe-text"
            >
              取消
            </div>
          </div>
        </div>
        <div
          class="am-swipe-actions am-swipe-actions-right"
        >
          <div
            class="am-swipe-btn"
            style="background-color:#ddd;color:white;"
          >
            <div
              class="am-swipe-text"
            >
              取消
            </div>
          </div>
          <div
            class="am-swipe-btn"
            style="background-color:#F4333C;color:white;"
          >
            <div
              class="am-swipe-text"
            >
              删除
            </div>
          </div>
        </div>
        <div
          class="am-swipe-content"
        >
          <div
            class="am-list-item am-list-item-middle"
          >
            <div
              class="am-list-line"
            >
              <div
                class="am-list-content"
              >
                左右都可操作
              </div>
              <div
                class="am-list-extra"
              >
                更多
              </div>
              <div
                class="am-list-arrow am-list-arrow-horizontal"
              />
            </div>
          </div>
        </div>
      </div>
    </div>
    <div
      class="am-swipe"
    >
      <div
        class="am-swipe"
      >
        <div
          class="am-swipe-cover"
        />
        <div
          class="am-swipe-actions am-swipe-actions-left"
        >
          <div
            class="am-swipe-btn"
            style="background-color:#108ee9;color:white;"
          >
            <div
              class="am-swipe-text"
            >
              回复
            </div>
          </div>
          <div
            class="am-swipe-btn"
            style="background-color:#ddd;color:white;"
          >
            <div
              class="am-swipe-text"
            >
              取消
            </div>
          </div>
        </div>
        <div
          class="am-swipe-actions am-swipe-actions-right"
        >
          <div
            class="am-swipe-btn"
            style="background-color:#ddd;color:white;"
          >
            <div
              class="am-swipe-text"
            >
              取消
            </div>
          </div>
          <div
            class="am-swipe-btn"
            style="background-color:#F4333C;color:white;"
          >
            <div
              class="am-swipe-text"
            >
              删除
            </div>
          </div>
        </div>
        <div
          class="am-swipe-content"
        >
          <div
            class="am-list-item am-list-item-middle"
          >
            <div
              class="am-list-line"
            >
              <div
                class="am-list-content"
              >
                左右都可操作
              </div>
              <div
                class="am-list-extra"
              >
                更多
              </div>
              <div
                class="am-list-arrow am-list-arrow-horizontal"
              />
            </div>
          </div>
        </div>
      </div>
    </div>
  </div>
</div>
`;
